%
% PUBLISH OR PERISH MTPro2 FONTS
%
%
% BEGINNING OF THE "LITE" PACKAGE %%%%%%%%%%%%%%%%%%%%%%%%%%%%%%%%%%
%
%
% FAMILIES 1, 2, 3
%
% Family 1; Math Italic
%
mt2mif MT2MIF <mt2mif.pfb
mt2mis MT2MIS <mt2mis.pfb
mt2mit MT2MIT <mt2mit.pfb
%
% Family 2; SYmbol
%
mt2syf MT2SYF <mt2syf.pfb
mt2sys MT2SYS <mt2sys.pfb
mt2syt MT2SYT <mt2syt.pfb
%
% Family 3; EXtension fonts (extended version) plus fonts for extra large operators
%
mt2exa MT2EXA <mt2exa.pfb
mt2exe MT2EXE <mt2exe.pfb
mt2exf MT2EXF <mt2exf.pfb
mt2exg MT2EXG <mt2exg.pfb
mt2xl MT2XL <mt2xl.pfb
mt2xxxl MT2XXXL <mt2xxxl.pfb
%
%
% Math Bold (Bold letters with adjusted sidebearings)  
%
mt2mbf MT2MBF <mt2mbf.pfb
mt2mbs MT2MBS <mt2mbs.pfb
mt2mbt MT2MBT <mt2mbt.pfb
%
%
% END OF THE "LITE" PACKAGE %%%%%%%%%%%%%%%%%%%%%%%%%%%%%%%%%%
%
%
% BOLD MATH 
%
% Bold Math Italic Family
%
mt2bmif MT2BMIF <mt2bmif.pfb
mt2bmis MT2BMIS <mt2bmis.pfb
mt2bmit MT2BMIT <mt2bmit.pfb
%
% Bold SYmbol Family
%
mt2bsyf MT2BSYF <mt2bsyf.pfb
mt2bsys MT2BSYS <mt2bsys.pfb
mt2bsyt MT2BSYT <mt2bsyt.pfb
%
% Bold EXtension Font
%
mt2bexa MT2BEXA <mt2bexa.pfb
%
%
% HEAVY MATH 
%
% Heavy Math Italic Family  %% Used only for LaTeX, not for plain TeX
%
mt2hmif MT2HMIF <mt2hmif.pfb
mt2hmis MT2HMIS <mt2hmis.pfb
mt2hmit MT2HMIT <mt2hmit.pfb
%
% Heavy SYmbol Family
%
mt2hsyf MT2HSYF <mt2hsyf.pfb
mt2hsys MT2HSYS <mt2hsys.pfb
mt2hsyt MT2HSYT <mt2hsyt.pfb
%
% Heavy EXtension Font
%
mt2hexa MT2HEXA <mt2hexa.pfb
%
%
% SYmbolsA
%
mt2syaf MT2SYAF <mt2syaf.pfb
mt2syas MT2SYAS <mt2syas.pfb
mt2syat MT2SYAT <mt2syat.pfb
%
%
% Bold SYmbolsA
%
mt2bsyaf MT2BSYAF <mt2bsyaf.pfb
mt2bsyas MT2BSYAS <mt2bsyas.pfb
mt2bsyat MT2BSYAT <mt2bsyat.pfb
%
%
% Heavy SYmbolsA
%
mt2hsyaf MT2HSYAF <mt2hsyaf.pfb
mt2hsyas MT2HSYAS <mt2hsyas.pfb
mt2hsyat MT2HSYAT <mt2hsyat.pfb
%
%
% Blackboard Bold
%
mt2bbf MT2BBF <mt2bbf.pfb
mt2bbs MT2BBS <mt2bbs.pfb
mt2bbt MT2BBT <mt2bbt.pfb
%
%
% Blackboard Bold Dark
%
mt2bbdf MT2BBDF <mt2bbdf.pfb
mt2bbds MT2BBDS <mt2bbds.pfb
mt2bbdt MT2BBDT <mt2bbdt.pfb
%
%
% Holey Roman Bold
%
mt2hrbf MT2HRBF <mt2hrbf.pfb
mt2hrbs MT2HRBS <mt2hrbs.pfb
mt2hrbt MT2HRBT <mt2hrbt.pfb
%
%
% Holey Roman Bold Dark
%
mt2hrbdf MT2HRBDF <mt2hrbdf.pfb
mt2hrbds MT2HRBDS <mt2hrbds.pfb
mt2hrbdt MT2HRBDT <mt2hrbdt.pfb
%
%
% Math Script
%
mt2msf MT2MSF <mt2msf.pfb
mt2mss MT2MSS <mt2mss.pfb
mt2mst MT2MST <mt2mst.pfb
%
%
% Bold Math Script
%
mt2bmsf MT2BMSF <mt2bmsf.pfb
mt2bmss MT2BMSS <mt2bmss.pfb
mt2bmst MT2BMST <mt2bmst.pfb
%
%
% Math Curly
%
mt2mcf MT2MCF <mt2mcf.pfb
mt2mcs MT2MCS <mt2mcs.pfb
mt2mct MT2MCT <mt2mct.pfb
%
%
% Math Fraktur
%
mt2mff MT2MFF <mt2mff.pfb
mt2mfs MT2MFS <mt2mfs.pfb
mt2mft MT2MFT <mt2mft.pfb
%
%
% Bold Math Fraktur
%
mt2bmff MT2BMFF <mt2bmff.pfb
mt2bmfs MT2BMFS <mt2bmfs.pfb
mt2bmft MT2BMFT <mt2bmft.pfb
%
%
% Blackboard Bold Italic 
%
mt2bbif MT2BBIF <mt2bbif.pfb
mt2bbis MT2BBIS <mt2bbis.pfb
mt2bbit MT2BBIT <mt2bbit.pfb
%
%
% Holey Bold Italic
%
mt2hbif MT2HBIF <mt2hbif.pfb
mt2hbis MT2HBIS <mt2hbis.pfb
mt2hbit MT2HBIT <mt2hbit.pfb
